date,course_id,username,email,cohort,was_active,problems_attempted,problem_attempts,problems_correct,videos_played,forum_posts,forum_replies,forum_comments,textbook_pages_viewed,last_subsection_viewed
2015-04-16,edX/DemoX/Demo_Course,audit,audit@example.com,best-cohort,0,0,0,0,0,0,0,0,0,
2015-04-16,edX/DemoX/Demo_Course,honor,honor@example.com,best-cohort,1,3,6,2,2,1,2,3,2,/courses/edX/DemoX/Demo_Course/courseware/graded_interactions/simulations/
2015-04-16,edX/DemoX/Demo_Course,staff,staff@example.com,other-cohort,0,0,0,0,0,0,0,0,0,
2015-04-16,edX/DemoX/Demo_Course,verified,verified@example.com,,0,0,0,0,0,0,0,0,0,
