end_date,course_id,username,email,cohort,days_active,problems_attempted,problem_attempts,problems_correct,videos_played,forum_posts,forum_replies,forum_comments,textbook_pages_viewed,last_subsection_viewed
2015-04-19,course-v1:edX+DemoX+Demo_Course_2015,audit,audit@example.com,new-cohort,0,0,0,0,0,0,0,0,0,
2015-04-19,course-v1:edX+DemoX+Demo_Course_2015,honor,honor@example.com,,4,0,0,0,1,4,4,4,4,/courses/course-v1:edX+DemoX+Demo_Course_2015/courseware/0123a04c5dfc4a10b44f58a0a660c354/7d7fe440faa24b16a49166e70c731274/1
2015-04-19,course-v1:edX+DemoX+Demo_Course_2015,staff,staff@example.com,,0,0,0,0,0,0,0,0,0,
2015-04-19,course-v1:edX+DemoX+Demo_Course_2015,verified,verified@example.com,additional-cohort,1,0,0,0,1,1,1,1,1,/courses/course-v1:edX+DemoX+Demo_Course_2015/courseware/0000a04c5dfc4a10b44f58a0a660c354/1d7fe440faa24b16a49166e70c731274/1
