end_date,course_id,username,email,cohort,days_active,problems_attempted,problem_attempts,problems_correct,videos_played,forum_posts,forum_replies,forum_comments,textbook_pages_viewed,last_subsection_viewed
2015-04-12,edX/DemoX/Demo_Course,audit,audit@example.com,best-cohort,0,0,0,0,0,0,0,0,0,
2015-04-12,edX/DemoX/Demo_Course,honor,honor@example.com,best-cohort,0,0,0,0,0,0,0,0,0,
2015-04-12,edX/DemoX/Demo_Course,verified,verified@example.com,,0,0,0,0,0,0,0,0,0,
